// Jest Snapshot v1, https://goo.gl/fbAQLP

exports[`Navbar: default 1`] = `
<div>
  <ul
    className="nav nav-pills"
    role={null}
  >
    <li
      className=""
      role="presentation"
    >
      <a
        href="/crud"
        onClick={[Function]}
        onKeyDown={[Function]}
        title="CRUD Example"
      >
        CRUD Example
      </a>
    </li>
    <li
      className=""
      role="presentation"
    >
      <a
        href="/api"
        onClick={[Function]}
        onKeyDown={[Function]}
        title="API Calls Using Axios"
      >
        API Example
      </a>
    </li>
    <li
      className=""
      role="presentation"
    >
      <a
        href="/react-icons"
        onClick={[Function]}
        onKeyDown={[Function]}
      >
        React Icons
      </a>
    </li>
    <li
      className=""
      role="presentation"
    >
      <a
        href="/magic-leap-components"
        onClick={[Function]}
        onKeyDown={[Function]}
      >
        MagicLeap Dumb Components
      </a>
    </li>
  </ul>
</div>
`;
